// Jest Snapshot v1, https://goo.gl/fbAQLP

exports[`[Component: Spinner] should render correctly 1`] = `
<DocumentFragment>
  <div
    class="sc-bdVaJa hyInQo"
  >
    <div
      class="sc-bwzfXH eEqJZu"
    />
  </div>
</DocumentFragment>
`;
