// Jest Snapshot v1, https://goo.gl/fbAQLP

exports[`[Component: Spinner] should render correctly 1`] = `
<styled.div>
  <styled.div
    desktopStyles="desktop-styles"
    mobileStyles="mobile-styles"
  />
</styled.div>
`;
