// Jest Snapshot v1, https://goo.gl/fbAQLP

exports[`[Component: Banner] should render correctly 1`] = `""`;
