// Jest Snapshot v1, https://goo.gl/fbAQLP

exports[`NotFound component should render correctly 1`] = `
<DocumentFragment>
  <div>
    <h1
      class="base-components__BaseElement-sc-150tvch-0 typography___styledElement-sc-186l0ce-0 bISoeZ"
    >
      pages.not-found.heading
    </h1>
    <p
      class="base-components__BaseElement-sc-150tvch-0 typography___styledElement-sc-186l0ce-0 fAWPzW"
    >
      pages.not-found.paragraphs.0
    </p>
    <p
      class="base-components__BaseElement-sc-150tvch-0 typography___styledElement-sc-186l0ce-0 fAWPzW"
    >
      pages.not-found.paragraphs.1
    </p>
    <a
      class="sc-bxivhb jgNeLy styled__TextButtonLink-ipdqot-0 kBKptb"
      href="/mock-path"
    >
      <span
        class="beans-link__text styled__TextSpan-ipdqot-3 eddlHt"
      >
        pages.not-found.home
      </span>
    </a>
  </div>
</DocumentFragment>
`;
