// Jest Snapshot v1, https://goo.gl/fbAQLP

exports[`[Page: EditDeliveryAddressPage] [State: Default] should render correctly 1`] = `
<DocumentFragment>
  <h1
    class="sc-htoDjs krCBJg typography___styledElement-sc-186l0ce-0 hmbiuS"
  >
    pages.delivery-address.edit.title
  </h1>
  <div
    class="sc-bZQynM gBCjJB"
  >
    <form
      autocomplete="off"
      method="POST"
      novalidate=""
    >
      <input
        name="_csrf"
        type="hidden"
        value="super-secure-token"
      />
      <button
        aria-disabled="false"
        class="sc-iwsKbI coJpLO styled__PrimaryButton-sc-3mnirm-2 giYBMC"
        role="button"
        type="submit"
      >
        <span
          class="styled__InnerContainer-sc-3mnirm-1 fUwmia"
        >
          <span
            class="beans-button__text styled__TextSpan-sc-3mnirm-5 eqKhmg"
          >
            pages.delivery-address.edit.submit-button
          </span>
        </span>
      </button>
    </form>
  </div>
</DocumentFragment>
`;
